// Jest Snapshot v1, https://goo.gl/fbAQLP

exports[`license license-closed-source 1`] = `
"{
  \\"options\\": {
    \\"ts\\": false,
    \\"tslint\\": false,
    \\"es\\": false,
    \\"eslint\\": false,
    \\"editorconfig\\": false,
    \\"prettier\\": false,
    \\"stylelint\\": false,
    \\"gitignore\\": false,
    \\"npmrc\\": false,
    \\"readme\\": false,
    \\"githooks\\": false,
    \\"commitlint\\": false,
    \\"nodeVersion\\": false,
    \\"webpack\\": false,
    \\"install\\": false,
    \\"force\\": true,
    \\"dryRun\\": false,
    \\"mode\\": \\"cli\\",
    \\"license\\": \\"licenseClosedSource\\"
  },
  \\"mergedFiles\\": {
    \\"package.json\\": {
      \\"override\\": false,
      \\"data\\": {
        \\"license\\": \\"UNLICENSED\\",
        \\"private\\": true
      }
    }
  }
}"
`;

exports[`license license-closed-source 2`] = `
"{
  \\"license\\": \\"UNLICENSED\\",
  \\"private\\": true
}"
`;

exports[`license license-open-source 1`] = `
"{
  \\"options\\": {
    \\"ts\\": false,
    \\"tslint\\": false,
    \\"es\\": false,
    \\"eslint\\": false,
    \\"editorconfig\\": false,
    \\"prettier\\": false,
    \\"stylelint\\": false,
    \\"gitignore\\": false,
    \\"npmrc\\": false,
    \\"readme\\": false,
    \\"githooks\\": false,
    \\"commitlint\\": false,
    \\"nodeVersion\\": false,
    \\"webpack\\": false,
    \\"install\\": false,
    \\"force\\": true,
    \\"dryRun\\": false,
    \\"mode\\": \\"cli\\",
    \\"license\\": \\"licenseOpenSource\\",
    \\"copyrightHolder\\": \\"Namics AG\\"
  },
  \\"mergedFiles\\": {
    \\"package.json\\": {
      \\"override\\": false,
      \\"data\\": {
        \\"license\\": \\"MIT\\",
        \\"private\\": false
      }
    },
    \\"LICENSE\\": {
      \\"override\\": false,
      \\"data\\": \\"MIT License\\\\n\\\\nCopyright (c) 2019-present Namics AG\\\\n\\\\nPermission is hereby granted, free of charge, to any person obtaining a copy\\\\nof this software and associated documentation files (the \\\\\\"Software\\\\\\"), to deal\\\\nin the Software without restriction, including without limitation the rights\\\\nto use, copy, modify, merge, publish, distribute, sublicense, and/or sell\\\\ncopies of the Software, and to permit persons to whom the Software is\\\\nfurnished to do so, subject to the following conditions:\\\\n\\\\nThe above copyright notice and this permission notice shall be included in all\\\\ncopies or substantial portions of the Software.\\\\n\\\\nTHE SOFTWARE IS PROVIDED \\\\\\"AS IS\\\\\\", WITHOUT WARRANTY OF ANY KIND, EXPRESS OR\\\\nIMPLIED, INCLUDING BUT NOT LIMITED TO THE WARRANTIES OF MERCHANTABILITY,\\\\nFITNESS FOR A PARTICULAR PURPOSE AND NONINFRINGEMENT. IN NO EVENT SHALL THE\\\\nAUTHORS OR COPYRIGHT HOLDERS BE LIABLE FOR ANY CLAIM, DAMAGES OR OTHER\\\\nLIABILITY, WHETHER IN AN ACTION OF CONTRACT, TORT OR OTHERWISE, ARISING FROM,\\\\nOUT OF OR IN CONNECTION WITH THE SOFTWARE OR THE USE OR OTHER DEALINGS IN THE\\\\nSOFTWARE.\\\\n\\"
    }
  }
}"
`;

exports[`license license-open-source 2`] = `
"MIT License

Copyright (c) 2019-present Namics AG

Permission is hereby granted, free of charge, to any person obtaining a copy
of this software and associated documentation files (the \\"Software\\"), to deal
in the Software without restriction, including without limitation the rights
to use, copy, modify, merge, publish, distribute, sublicense, and/or sell
copies of the Software, and to permit persons to whom the Software is
furnished to do so, subject to the following conditions:

The above copyright notice and this permission notice shall be included in all
copies or substantial portions of the Software.

THE SOFTWARE IS PROVIDED \\"AS IS\\", WITHOUT WARRANTY OF ANY KIND, EXPRESS OR
IMPLIED, INCLUDING BUT NOT LIMITED TO THE WARRANTIES OF MERCHANTABILITY,
FITNESS FOR A PARTICULAR PURPOSE AND NONINFRINGEMENT. IN NO EVENT SHALL THE
AUTHORS OR COPYRIGHT HOLDERS BE LIABLE FOR ANY CLAIM, DAMAGES OR OTHER
LIABILITY, WHETHER IN AN ACTION OF CONTRACT, TORT OR OTHERWISE, ARISING FROM,
OUT OF OR IN CONNECTION WITH THE SOFTWARE OR THE USE OR OTHER DEALINGS IN THE
SOFTWARE.
"
`;

exports[`license license-open-source 3`] = `
"{
  \\"license\\": \\"MIT\\",
  \\"private\\": false
}"
`;
